This file contains any messages produced by compilers while
running configure, to aid debugging if configure makes a mistake.

It was created by ECE4750 Software configure ?, which was
generated by GNU Autoconf 2.69.  Invocation command line was

  $ ../configure --host=riscv64-linux-gnu

## --------- ##
## Platform. ##
## --------- ##

hostname = ecelinux-09.ece.cornell.edu
uname -m = x86_64
uname -r = 4.18.0-553.82.1.el8_10.x86_64
uname -s = Linux
uname -v = #1 SMP Thu Oct 23 16:05:55 EDT 2025

/usr/bin/uname -p = x86_64
/bin/uname -X     = unknown

/bin/arch              = x86_64
/usr/bin/arch -k       = unknown
/usr/convex/getsysinfo = unknown
/usr/bin/hostinfo      = unknown
/bin/machine           = unknown
/usr/bin/oslevel       = unknown
/bin/universe          = unknown

PATH: /classes/ece4750/install/pkgs/riscv-gnu-toolchain-2022/bin
PATH: /classes/ece4750/install/venvs/py3.11.9-default/bin
PATH: /classes/ece4750/install/pkgs/python-3.11.9/bin
PATH: /classes/ece4750/install/pkgs/gtkwave-3.3.120/bin
PATH: /classes/ece4750/install/pkgs/verilator-5.026/bin
PATH: /classes/ece4750/install/pkgs/iverilog-12.0/bin
PATH: /opt/rh/gcc-toolset-13/root/usr/bin
PATH: /classes/ece4750/install/pkgs/ece4750-scripts-0.0/bin
PATH: /classes/ece4750/install/pkgs/modules-5.4.0/bin
PATH: /home/scz6/.vscode-server/cli/servers/Stable-4849ca9bdf9666755eb463db297b69e5385090e3/server/bin/remote-cli
PATH: /home/scz6/.local/bin
PATH: /home/scz6/bin
PATH: /usr/share/Modules/bin
PATH: /usr/local/bin
PATH: /usr/bin
PATH: /usr/local/sbin
PATH: /usr/sbin
PATH: /classes/setup
PATH: /classes/setup
PATH: /home/scz6/.vscode-server/extensions/ms-python.debugpy-2025.14.1-linux-x64/bundled/scripts/noConfigScripts
PATH: /classes/setup


## ----------- ##
## Core tests. ##
## ----------- ##

configure:1823: checking build system type
configure:1837: result: x86_64-pc-linux-gnu
configure:1857: checking host system type
configure:1870: result: riscv64-unknown-linux-gnu
configure:1890: Host detected: riscv64-unknown-linux-gnu
configure:1912: checking for riscv64-linux-gnu-gcc
configure:1928: found /usr/bin/riscv64-linux-gnu-gcc
configure:1939: result: riscv64-linux-gnu-gcc
configure:2208: checking for C compiler version
configure:2217: riscv64-linux-gnu-gcc --version >&5
riscv64-linux-gnu-gcc (GCC) 12.1.1 20220507 (Red Hat Cross 12.1.1-2)
Copyright (C) 2022 Free Software Foundation, Inc.
This is free software; see the source for copying conditions.  There is NO
warranty; not even for MERCHANTABILITY or FITNESS FOR A PARTICULAR PURPOSE.

configure:2228: $? = 0
configure:2217: riscv64-linux-gnu-gcc -v >&5
Using built-in specs.
COLLECT_GCC=riscv64-linux-gnu-gcc
COLLECT_LTO_WRAPPER=/usr/libexec/gcc/riscv64-linux-gnu/12/lto-wrapper
Target: riscv64-linux-gnu
Configured with: ../gcc-12.1.1-20220507/configure --bindir=/usr/bin --build=x86_64-redhat-linux-gnu --datadir=/usr/share --disable-decimal-float --disable-dependency-tracking --disable-gold --disable-libgcj --disable-libgomp --disable-libmpx --disable-libquadmath --disable-libssp --disable-libunwind-exceptions --disable-shared --disable-silent-rules --disable-sjlj-exceptions --disable-threads --with-ld=/usr/bin/riscv64-linux-gnu-ld --enable-__cxa_atexit --enable-checking=release --enable-gnu-unique-object --enable-initfini-array --enable-languages=c,c++ --enable-linker-build-id --enable-lto --enable-nls --enable-obsolete --enable-plugin --enable-targets=all --exec-prefix=/usr --host=x86_64-redhat-linux-gnu --includedir=/usr/include --infodir=/usr/share/info --libexecdir=/usr/libexec --localstatedir=/var --mandir=/usr/share/man --prefix=/usr --program-prefix=riscv64-linux-gnu- --sbindir=/usr/sbin --sharedstatedir=/var/lib --sysconfdir=/etc --target=riscv64-linux-gnu --with-bugurl=http://bugzilla.redhat.com/bugzilla/ --with-gcc-major-version-only --with-isl --with-newlib --with-plugin-ld=/usr/bin/riscv64-linux-gnu-ld --with-sysroot=/usr/riscv64-linux-gnu/sys-root --with-system-libunwind --with-system-zlib --without-headers --with-linker-hash-style=gnu
Thread model: single
Supported LTO compression algorithms: zlib zstd
gcc version 12.1.1 20220507 (Red Hat Cross 12.1.1-2) (GCC) 
configure:2228: $? = 0
configure:2217: riscv64-linux-gnu-gcc -V >&5
riscv64-linux-gnu-gcc: error: unrecognized command-line option '-V'
riscv64-linux-gnu-gcc: fatal error: no input files
compilation terminated.
configure:2228: $? = 1
configure:2217: riscv64-linux-gnu-gcc -qversion >&5
riscv64-linux-gnu-gcc: error: unrecognized command-line option '-qversion'; did you mean '--version'?
riscv64-linux-gnu-gcc: fatal error: no input files
compilation terminated.
configure:2228: $? = 1
configure:2248: checking whether the C compiler works
configure:2270: riscv64-linux-gnu-gcc   -nostdlib -nodefaultlibs -nostartfiles conftest.c  >&5
/usr/bin/riscv64-linux-gnu-ld: warning: cannot find entry symbol _start; defaulting to 0000000000010144
configure:2274: $? = 0
configure:2322: result: yes
configure:2325: checking for C compiler default output file name
configure:2327: result: a.out
configure:2333: checking for suffix of executables
configure:2340: riscv64-linux-gnu-gcc -o conftest   -nostdlib -nodefaultlibs -nostartfiles conftest.c  >&5
/usr/bin/riscv64-linux-gnu-ld: warning: cannot find entry symbol _start; defaulting to 0000000000010144
configure:2344: $? = 0
configure:2366: result: 
configure:2388: checking whether we are cross compiling
configure:2396: riscv64-linux-gnu-gcc -o conftest   -nostdlib -nodefaultlibs -nostartfiles conftest.c  >&5
conftest.c:9:10: fatal error: stdio.h: No such file or directory
    9 | #include <stdio.h>
      |          ^~~~~~~~~
compilation terminated.
configure:2400: $? = 1
configure:2407: ./conftest
../configure: line 2409: ./conftest: No such file or directory
configure:2411: $? = 127
configure:2426: result: yes
configure:2431: checking for suffix of object files
configure:2453: riscv64-linux-gnu-gcc -c   conftest.c >&5
configure:2457: $? = 0
configure:2478: result: o
configure:2482: checking whether we are using the GNU C compiler
configure:2501: riscv64-linux-gnu-gcc -c   conftest.c >&5
configure:2501: $? = 0
configure:2510: result: yes
configure:2519: checking whether riscv64-linux-gnu-gcc accepts -g
configure:2539: riscv64-linux-gnu-gcc -c -g  conftest.c >&5
configure:2539: $? = 0
configure:2580: result: yes
configure:2597: checking for riscv64-linux-gnu-gcc option to accept ISO C89
configure:2660: riscv64-linux-gnu-gcc  -c -g -O2  conftest.c >&5
conftest.c:10:10: fatal error: stdio.h: No such file or directory
   10 | #include <stdio.h>
      |          ^~~~~~~~~
compilation terminated.
configure:2660: $? = 1
configure: failed program was:
| /* confdefs.h */
| #define PACKAGE_NAME "ECE4750 Software"
| #define PACKAGE_TARNAME "ece4750"
| #define PACKAGE_VERSION "?"
| #define PACKAGE_STRING "ECE4750 Software ?"
| #define PACKAGE_BUGREPORT "Christopher Batten"
| #define PACKAGE_URL ""
| /* end confdefs.h.  */
| #include <stdarg.h>
| #include <stdio.h>
| struct stat;
| /* Most of the following tests are stolen from RCS 5.7's src/conf.sh.  */
| struct buf { int x; };
| FILE * (*rcsopen) (struct buf *, struct stat *, int);
| static char *e (p, i)
|      char **p;
|      int i;
| {
|   return p[i];
| }
| static char *f (char * (*g) (char **, int), char **p, ...)
| {
|   char *s;
|   va_list v;
|   va_start (v,p);
|   s = g (p, va_arg (v,int));
|   va_end (v);
|   return s;
| }
| 
| /* OSF 4.0 Compaq cc is some sort of almost-ANSI by default.  It has
|    function prototypes and stuff, but not '\xHH' hex character constants.
|    These don't provoke an error unfortunately, instead are silently treated
|    as 'x'.  The following induces an error, until -std is added to get
|    proper ANSI mode.  Curiously '\x00'!='x' always comes out true, for an
|    array size at least.  It's necessary to write '\x00'==0 to get something
|    that's true only with -std.  */
| int osf4_cc_array ['\x00' == 0 ? 1 : -1];
| 
| /* IBM C 6 for AIX is almost-ANSI by default, but it replaces macro parameters
|    inside strings and character constants.  */
| #define FOO(x) 'x'
| int xlc6_cc_array[FOO(a) == 'x' ? 1 : -1];
| 
| int test (int i, double x);
| struct s1 {int (*f) (int a);};
| struct s2 {int (*f) (double a);};
| int pairnames (int, char **, FILE *(*)(struct buf *, struct stat *, int), int, int);
| int argc;
| char **argv;
| int
| main ()
| {
| return f (e, argv, 0) != argv[0]  ||  f (e, argv, 1) != argv[1];
|   ;
|   return 0;
| }
configure:2660: riscv64-linux-gnu-gcc -qlanglvl=extc89 -c -g -O2  conftest.c >&5
riscv64-linux-gnu-gcc: error: unrecognized command-line option '-qlanglvl=extc89'
configure:2660: $? = 1
configure: failed program was:
| /* confdefs.h */
| #define PACKAGE_NAME "ECE4750 Software"
| #define PACKAGE_TARNAME "ece4750"
| #define PACKAGE_VERSION "?"
| #define PACKAGE_STRING "ECE4750 Software ?"
| #define PACKAGE_BUGREPORT "Christopher Batten"
| #define PACKAGE_URL ""
| /* end confdefs.h.  */
| #include <stdarg.h>
| #include <stdio.h>
| struct stat;
| /* Most of the following tests are stolen from RCS 5.7's src/conf.sh.  */
| struct buf { int x; };
| FILE * (*rcsopen) (struct buf *, struct stat *, int);
| static char *e (p, i)
|      char **p;
|      int i;
| {
|   return p[i];
| }
| static char *f (char * (*g) (char **, int), char **p, ...)
| {
|   char *s;
|   va_list v;
|   va_start (v,p);
|   s = g (p, va_arg (v,int));
|   va_end (v);
|   return s;
| }
| 
| /* OSF 4.0 Compaq cc is some sort of almost-ANSI by default.  It has
|    function prototypes and stuff, but not '\xHH' hex character constants.
|    These don't provoke an error unfortunately, instead are silently treated
|    as 'x'.  The following induces an error, until -std is added to get
|    proper ANSI mode.  Curiously '\x00'!='x' always comes out true, for an
|    array size at least.  It's necessary to write '\x00'==0 to get something
|    that's true only with -std.  */
| int osf4_cc_array ['\x00' == 0 ? 1 : -1];
| 
| /* IBM C 6 for AIX is almost-ANSI by default, but it replaces macro parameters
|    inside strings and character constants.  */
| #define FOO(x) 'x'
| int xlc6_cc_array[FOO(a) == 'x' ? 1 : -1];
| 
| int test (int i, double x);
| struct s1 {int (*f) (int a);};
| struct s2 {int (*f) (double a);};
| int pairnames (int, char **, FILE *(*)(struct buf *, struct stat *, int), int, int);
| int argc;
| char **argv;
| int
| main ()
| {
| return f (e, argv, 0) != argv[0]  ||  f (e, argv, 1) != argv[1];
|   ;
|   return 0;
| }
configure:2660: riscv64-linux-gnu-gcc -qlanglvl=ansi -c -g -O2  conftest.c >&5
riscv64-linux-gnu-gcc: error: unrecognized command-line option '-qlanglvl=ansi'
configure:2660: $? = 1
configure: failed program was:
| /* confdefs.h */
| #define PACKAGE_NAME "ECE4750 Software"
| #define PACKAGE_TARNAME "ece4750"
| #define PACKAGE_VERSION "?"
| #define PACKAGE_STRING "ECE4750 Software ?"
| #define PACKAGE_BUGREPORT "Christopher Batten"
| #define PACKAGE_URL ""
| /* end confdefs.h.  */
| #include <stdarg.h>
| #include <stdio.h>
| struct stat;
| /* Most of the following tests are stolen from RCS 5.7's src/conf.sh.  */
| struct buf { int x; };
| FILE * (*rcsopen) (struct buf *, struct stat *, int);
| static char *e (p, i)
|      char **p;
|      int i;
| {
|   return p[i];
| }
| static char *f (char * (*g) (char **, int), char **p, ...)
| {
|   char *s;
|   va_list v;
|   va_start (v,p);
|   s = g (p, va_arg (v,int));
|   va_end (v);
|   return s;
| }
| 
| /* OSF 4.0 Compaq cc is some sort of almost-ANSI by default.  It has
|    function prototypes and stuff, but not '\xHH' hex character constants.
|    These don't provoke an error unfortunately, instead are silently treated
|    as 'x'.  The following induces an error, until -std is added to get
|    proper ANSI mode.  Curiously '\x00'!='x' always comes out true, for an
|    array size at least.  It's necessary to write '\x00'==0 to get something
|    that's true only with -std.  */
| int osf4_cc_array ['\x00' == 0 ? 1 : -1];
| 
| /* IBM C 6 for AIX is almost-ANSI by default, but it replaces macro parameters
|    inside strings and character constants.  */
| #define FOO(x) 'x'
| int xlc6_cc_array[FOO(a) == 'x' ? 1 : -1];
| 
| int test (int i, double x);
| struct s1 {int (*f) (int a);};
| struct s2 {int (*f) (double a);};
| int pairnames (int, char **, FILE *(*)(struct buf *, struct stat *, int), int, int);
| int argc;
| char **argv;
| int
| main ()
| {
| return f (e, argv, 0) != argv[0]  ||  f (e, argv, 1) != argv[1];
|   ;
|   return 0;
| }
configure:2660: riscv64-linux-gnu-gcc -std -c -g -O2  conftest.c >&5
riscv64-linux-gnu-gcc: error: unrecognized command-line option '-std'
configure:2660: $? = 1
configure: failed program was:
| /* confdefs.h */
| #define PACKAGE_NAME "ECE4750 Software"
| #define PACKAGE_TARNAME "ece4750"
| #define PACKAGE_VERSION "?"
| #define PACKAGE_STRING "ECE4750 Software ?"
| #define PACKAGE_BUGREPORT "Christopher Batten"
| #define PACKAGE_URL ""
| /* end confdefs.h.  */
| #include <stdarg.h>
| #include <stdio.h>
| struct stat;
| /* Most of the following tests are stolen from RCS 5.7's src/conf.sh.  */
| struct buf { int x; };
| FILE * (*rcsopen) (struct buf *, struct stat *, int);
| static char *e (p, i)
|      char **p;
|      int i;
| {
|   return p[i];
| }
| static char *f (char * (*g) (char **, int), char **p, ...)
| {
|   char *s;
|   va_list v;
|   va_start (v,p);
|   s = g (p, va_arg (v,int));
|   va_end (v);
|   return s;
| }
| 
| /* OSF 4.0 Compaq cc is some sort of almost-ANSI by default.  It has
|    function prototypes and stuff, but not '\xHH' hex character constants.
|    These don't provoke an error unfortunately, instead are silently treated
|    as 'x'.  The following induces an error, until -std is added to get
|    proper ANSI mode.  Curiously '\x00'!='x' always comes out true, for an
|    array size at least.  It's necessary to write '\x00'==0 to get something
|    that's true only with -std.  */
| int osf4_cc_array ['\x00' == 0 ? 1 : -1];
| 
| /* IBM C 6 for AIX is almost-ANSI by default, but it replaces macro parameters
|    inside strings and character constants.  */
| #define FOO(x) 'x'
| int xlc6_cc_array[FOO(a) == 'x' ? 1 : -1];
| 
| int test (int i, double x);
| struct s1 {int (*f) (int a);};
| struct s2 {int (*f) (double a);};
| int pairnames (int, char **, FILE *(*)(struct buf *, struct stat *, int), int, int);
| int argc;
| char **argv;
| int
| main ()
| {
| return f (e, argv, 0) != argv[0]  ||  f (e, argv, 1) != argv[1];
|   ;
|   return 0;
| }
configure:2660: riscv64-linux-gnu-gcc -Ae -c -g -O2  conftest.c >&5
<command-line>: error: missing '(' after predicate
conftest.c:10:10: fatal error: stdio.h: No such file or directory
   10 | #include <stdio.h>
      |          ^~~~~~~~~
compilation terminated.
configure:2660: $? = 1
configure: failed program was:
| /* confdefs.h */
| #define PACKAGE_NAME "ECE4750 Software"
| #define PACKAGE_TARNAME "ece4750"
| #define PACKAGE_VERSION "?"
| #define PACKAGE_STRING "ECE4750 Software ?"
| #define PACKAGE_BUGREPORT "Christopher Batten"
| #define PACKAGE_URL ""
| /* end confdefs.h.  */
| #include <stdarg.h>
| #include <stdio.h>
| struct stat;
| /* Most of the following tests are stolen from RCS 5.7's src/conf.sh.  */
| struct buf { int x; };
| FILE * (*rcsopen) (struct buf *, struct stat *, int);
| static char *e (p, i)
|      char **p;
|      int i;
| {
|   return p[i];
| }
| static char *f (char * (*g) (char **, int), char **p, ...)
| {
|   char *s;
|   va_list v;
|   va_start (v,p);
|   s = g (p, va_arg (v,int));
|   va_end (v);
|   return s;
| }
| 
| /* OSF 4.0 Compaq cc is some sort of almost-ANSI by default.  It has
|    function prototypes and stuff, but not '\xHH' hex character constants.
|    These don't provoke an error unfortunately, instead are silently treated
|    as 'x'.  The following induces an error, until -std is added to get
|    proper ANSI mode.  Curiously '\x00'!='x' always comes out true, for an
|    array size at least.  It's necessary to write '\x00'==0 to get something
|    that's true only with -std.  */
| int osf4_cc_array ['\x00' == 0 ? 1 : -1];
| 
| /* IBM C 6 for AIX is almost-ANSI by default, but it replaces macro parameters
|    inside strings and character constants.  */
| #define FOO(x) 'x'
| int xlc6_cc_array[FOO(a) == 'x' ? 1 : -1];
| 
| int test (int i, double x);
| struct s1 {int (*f) (int a);};
| struct s2 {int (*f) (double a);};
| int pairnames (int, char **, FILE *(*)(struct buf *, struct stat *, int), int, int);
| int argc;
| char **argv;
| int
| main ()
| {
| return f (e, argv, 0) != argv[0]  ||  f (e, argv, 1) != argv[1];
|   ;
|   return 0;
| }
configure:2660: riscv64-linux-gnu-gcc -Aa -D_HPUX_SOURCE -c -g -O2  conftest.c >&5
<command-line>: error: missing '(' after predicate
conftest.c:10:10: fatal error: stdio.h: No such file or directory
   10 | #include <stdio.h>
      |          ^~~~~~~~~
compilation terminated.
configure:2660: $? = 1
configure: failed program was:
| /* confdefs.h */
| #define PACKAGE_NAME "ECE4750 Software"
| #define PACKAGE_TARNAME "ece4750"
| #define PACKAGE_VERSION "?"
| #define PACKAGE_STRING "ECE4750 Software ?"
| #define PACKAGE_BUGREPORT "Christopher Batten"
| #define PACKAGE_URL ""
| /* end confdefs.h.  */
| #include <stdarg.h>
| #include <stdio.h>
| struct stat;
| /* Most of the following tests are stolen from RCS 5.7's src/conf.sh.  */
| struct buf { int x; };
| FILE * (*rcsopen) (struct buf *, struct stat *, int);
| static char *e (p, i)
|      char **p;
|      int i;
| {
|   return p[i];
| }
| static char *f (char * (*g) (char **, int), char **p, ...)
| {
|   char *s;
|   va_list v;
|   va_start (v,p);
|   s = g (p, va_arg (v,int));
|   va_end (v);
|   return s;
| }
| 
| /* OSF 4.0 Compaq cc is some sort of almost-ANSI by default.  It has
|    function prototypes and stuff, but not '\xHH' hex character constants.
|    These don't provoke an error unfortunately, instead are silently treated
|    as 'x'.  The following induces an error, until -std is added to get
|    proper ANSI mode.  Curiously '\x00'!='x' always comes out true, for an
|    array size at least.  It's necessary to write '\x00'==0 to get something
|    that's true only with -std.  */
| int osf4_cc_array ['\x00' == 0 ? 1 : -1];
| 
| /* IBM C 6 for AIX is almost-ANSI by default, but it replaces macro parameters
|    inside strings and character constants.  */
| #define FOO(x) 'x'
| int xlc6_cc_array[FOO(a) == 'x' ? 1 : -1];
| 
| int test (int i, double x);
| struct s1 {int (*f) (int a);};
| struct s2 {int (*f) (double a);};
| int pairnames (int, char **, FILE *(*)(struct buf *, struct stat *, int), int, int);
| int argc;
| char **argv;
| int
| main ()
| {
| return f (e, argv, 0) != argv[0]  ||  f (e, argv, 1) != argv[1];
|   ;
|   return 0;
| }
configure:2660: riscv64-linux-gnu-gcc -Xc -D__EXTENSIONS__ -c -g -O2  conftest.c >&5
riscv64-linux-gnu-gcc: error: unrecognized command-line option '-Xc'; did you mean '-X'?
configure:2660: $? = 1
configure: failed program was:
| /* confdefs.h */
| #define PACKAGE_NAME "ECE4750 Software"
| #define PACKAGE_TARNAME "ece4750"
| #define PACKAGE_VERSION "?"
| #define PACKAGE_STRING "ECE4750 Software ?"
| #define PACKAGE_BUGREPORT "Christopher Batten"
| #define PACKAGE_URL ""
| /* end confdefs.h.  */
| #include <stdarg.h>
| #include <stdio.h>
| struct stat;
| /* Most of the following tests are stolen from RCS 5.7's src/conf.sh.  */
| struct buf { int x; };
| FILE * (*rcsopen) (struct buf *, struct stat *, int);
| static char *e (p, i)
|      char **p;
|      int i;
| {
|   return p[i];
| }
| static char *f (char * (*g) (char **, int), char **p, ...)
| {
|   char *s;
|   va_list v;
|   va_start (v,p);
|   s = g (p, va_arg (v,int));
|   va_end (v);
|   return s;
| }
| 
| /* OSF 4.0 Compaq cc is some sort of almost-ANSI by default.  It has
|    function prototypes and stuff, but not '\xHH' hex character constants.
|    These don't provoke an error unfortunately, instead are silently treated
|    as 'x'.  The following induces an error, until -std is added to get
|    proper ANSI mode.  Curiously '\x00'!='x' always comes out true, for an
|    array size at least.  It's necessary to write '\x00'==0 to get something
|    that's true only with -std.  */
| int osf4_cc_array ['\x00' == 0 ? 1 : -1];
| 
| /* IBM C 6 for AIX is almost-ANSI by default, but it replaces macro parameters
|    inside strings and character constants.  */
| #define FOO(x) 'x'
| int xlc6_cc_array[FOO(a) == 'x' ? 1 : -1];
| 
| int test (int i, double x);
| struct s1 {int (*f) (int a);};
| struct s2 {int (*f) (double a);};
| int pairnames (int, char **, FILE *(*)(struct buf *, struct stat *, int), int, int);
| int argc;
| char **argv;
| int
| main ()
| {
| return f (e, argv, 0) != argv[0]  ||  f (e, argv, 1) != argv[1];
|   ;
|   return 0;
| }
configure:2676: result: unsupported
configure:2710: checking for riscv64-linux-gnu-ar
configure:2726: found /usr/bin/riscv64-linux-gnu-ar
configure:2737: result: riscv64-linux-gnu-ar
configure:2802: checking for riscv64-linux-gnu-ranlib
configure:2818: found /usr/bin/riscv64-linux-gnu-ranlib
configure:2829: result: riscv64-linux-gnu-ranlib
configure:3161: configuring internal subproject ece4750
configure:3436: configuring internal subproject simple
configure:3711: configuring internal subproject ubmark
configure:4035: configuring internal subproject mtbmark
configure:4186: creating ./config.status

## ---------------------- ##
## Running config.status. ##
## ---------------------- ##

This file was extended by ECE4750 Software config.status ?, which was
generated by GNU Autoconf 2.69.  Invocation command line was

  CONFIG_FILES    = 
  CONFIG_HEADERS  = 
  CONFIG_LINKS    = 
  CONFIG_COMMANDS = 
  $ ./config.status 

on ecelinux-09.ece.cornell.edu

config.status:843: creating ece4750.mk
config.status:843: creating simple.mk
config.status:843: creating ubmark.mk
config.status:843: creating mtbmark.mk
config.status:843: creating Makefile
config.status:843: creating ece4750-config.h
config.status:843: creating simple-config.h
config.status:843: creating ubmark-config.h
config.status:843: creating mtbmark-config.h

## ---------------- ##
## Cache variables. ##
## ---------------- ##

ac_cv_build=x86_64-pc-linux-gnu
ac_cv_c_compiler_gnu=yes
ac_cv_env_CC_set=
ac_cv_env_CC_value=
ac_cv_env_CFLAGS_set=
ac_cv_env_CFLAGS_value=
ac_cv_env_CPPFLAGS_set=
ac_cv_env_CPPFLAGS_value=
ac_cv_env_LDFLAGS_set=
ac_cv_env_LDFLAGS_value=
ac_cv_env_LIBS_set=
ac_cv_env_LIBS_value=
ac_cv_env_build_alias_set=
ac_cv_env_build_alias_value=
ac_cv_env_host_alias_set=set
ac_cv_env_host_alias_value=riscv64-linux-gnu
ac_cv_env_target_alias_set=
ac_cv_env_target_alias_value=
ac_cv_host=riscv64-unknown-linux-gnu
ac_cv_objext=o
ac_cv_prog_AR=riscv64-linux-gnu-ar
ac_cv_prog_CC=riscv64-linux-gnu-gcc
ac_cv_prog_RANLIB=riscv64-linux-gnu-ranlib
ac_cv_prog_cc_c89=no
ac_cv_prog_cc_g=yes

## ----------------- ##
## Output variables. ##
## ----------------- ##

AR='riscv64-linux-gnu-ar'
CC='riscv64-linux-gnu-gcc'
CFLAGS='-std=c99 -D_RISCV -Wall -Wextra -Wvla -Werror -Werror=vla -Wno-error=comment -Wconversion -Wuninitialized -march=rv32im_zicsr -mabi=ilp32 -g -O3'
CPPFLAGS=''
DEFS='-DHAVE_CONFIG_H'
ECHO_C=''
ECHO_N='-n'
ECHO_T=''
EXEEXT=''
LDFLAGS='-march=rv32im_zicsr -mabi=ilp32 -nostdlib -T../scripts/tinyrv2.ld'
LIBOBJS=''
LIBS=''
LTLIBOBJS=''
OBJEXT='o'
PACKAGE_BUGREPORT='Christopher Batten'
PACKAGE_NAME='ECE4750 Software'
PACKAGE_STRING='ECE4750 Software ?'
PACKAGE_TARNAME='ece4750'
PACKAGE_URL=''
PACKAGE_VERSION='?'
PATH_SEPARATOR=':'
RANLIB='riscv64-linux-gnu-ranlib'
SHELL='/bin/sh'
ac_ct_CC=''
bindir='${exec_prefix}/bin'
build='x86_64-pc-linux-gnu'
build_alias=''
build_cpu='x86_64'
build_os='linux-gnu'
build_vendor='pc'
datadir='${datarootdir}'
datarootdir='${prefix}/share'
docdir='${datarootdir}/doc/${PACKAGE_TARNAME}'
dvidir='${docdir}'
ece4750_cppflags='-I../ece4750 '
ece4750_extra_cppflags=''
ece4750_extra_ldflags=''
ece4750_extra_libs=''
ece4750_intdeps=''
ece4750_ldflags=''
ece4750_libs='-lece4750 '
ece4750_pkcdeps=''
exec_prefix='${prefix}'
host='riscv64-unknown-linux-gnu'
host_alias='riscv64-linux-gnu'
host_cpu='riscv64'
host_os='linux-gnu'
host_vendor='unknown'
htmldir='${docdir}'
includedir='${prefix}/include'
infodir='${datarootdir}/info'
libdir='${exec_prefix}/lib'
libexecdir='${exec_prefix}/libexec'
localedir='${datarootdir}/locale'
localstatedir='${prefix}/var'
mandir='${datarootdir}/man'
mcppbs_include_external=''
mcppbs_include_external_en=''
mcppbs_include_internal='ece4750 simple ubmark mtbmark '
mcppbs_include_internal_en='ece4750 simple ubmark mtbmark '
mcppbs_install=''
mtbmark_cppflags='-I../mtbmark -I../ubmark -I../ece4750 '
mtbmark_extra_cppflags=''
mtbmark_extra_ldflags=''
mtbmark_extra_libs=''
mtbmark_intdeps='ubmark ece4750 '
mtbmark_ldflags=''
mtbmark_libs='-lmtbmark -lubmark -lece4750 '
mtbmark_pkcdeps='ubmark,ece4750'
oldincludedir='/usr/include'
pdfdir='${docdir}'
prefix='/usr/local'
program_transform_name='s,x,x,'
psdir='${docdir}'
riscv_crosscompile='yes'
sbindir='${exec_prefix}/sbin'
sharedstatedir='${prefix}/com'
simple_cppflags='-I../simple -I../ece4750 '
simple_extra_cppflags=''
simple_extra_ldflags=''
simple_extra_libs=''
simple_intdeps='ece4750 '
simple_ldflags=''
simple_libs='-lsimple -lece4750 '
simple_pkcdeps='ece4750'
sysconfdir='${prefix}/etc'
target_alias=''
ubmark_cppflags='-I../ubmark -I../ece4750 '
ubmark_extra_cppflags=''
ubmark_extra_ldflags=''
ubmark_extra_libs=''
ubmark_intdeps='ece4750 '
ubmark_ldflags=''
ubmark_libs='-lubmark -lece4750 '
ubmark_pkcdeps='ece4750'

## ----------- ##
## confdefs.h. ##
## ----------- ##

/* confdefs.h */
#define PACKAGE_NAME "ECE4750 Software"
#define PACKAGE_TARNAME "ece4750"
#define PACKAGE_VERSION "?"
#define PACKAGE_STRING "ECE4750 Software ?"
#define PACKAGE_BUGREPORT "Christopher Batten"
#define PACKAGE_URL ""
#define HAVE_ECE4750 /**/
#define HAVE_SIMPLE /**/
#define HAVE_UBMARK /**/
#define HAVE_MTBMARK /**/

configure: exit 0
