This file contains any messages produced by compilers while
running configure, to aid debugging if configure makes a mistake.

It was created by ECE4750 Software configure ?, which was
generated by GNU Autoconf 2.69.  Invocation command line was

  $ ../configure 

## --------- ##
## Platform. ##
## --------- ##

hostname = ecelinux-02.ece.cornell.edu
uname -m = x86_64
uname -r = 4.18.0-553.87.1.el8_10.x86_64
uname -s = Linux
uname -v = #1 SMP Tue Nov 25 00:57:14 EST 2025

/usr/bin/uname -p = x86_64
/bin/uname -X     = unknown

/bin/arch              = x86_64
/usr/bin/arch -k       = unknown
/usr/convex/getsysinfo = unknown
/usr/bin/hostinfo      = unknown
/bin/machine           = unknown
/usr/bin/oslevel       = unknown
/bin/universe          = unknown

PATH: /classes/ece4750/install/pkgs/riscv-gnu-toolchain-2022/bin
PATH: /classes/ece4750/install/venvs/py3.11.9-default/bin
PATH: /classes/ece4750/install/pkgs/python-3.11.9/bin
PATH: /classes/ece4750/install/pkgs/gtkwave-3.3.120/bin
PATH: /classes/ece4750/install/pkgs/verilator-5.026/bin
PATH: /classes/ece4750/install/pkgs/iverilog-12.0/bin
PATH: /opt/rh/gcc-toolset-13/root/usr/bin
PATH: /classes/ece4750/install/pkgs/ece4750-scripts-0.0/bin
PATH: /classes/ece4750/install/pkgs/modules-5.4.0/bin
PATH: /home/scz6/.vscode-server/cli/servers/Stable-4849ca9bdf9666755eb463db297b69e5385090e3/server/bin/remote-cli
PATH: /home/scz6/.local/bin
PATH: /home/scz6/bin
PATH: /usr/share/Modules/bin
PATH: /usr/local/bin
PATH: /usr/bin
PATH: /usr/local/sbin
PATH: /usr/sbin
PATH: /classes/setup
PATH: /classes/setup
PATH: /home/scz6/.vscode-server/extensions/ms-python.debugpy-2025.16.0-linux-x64/bundled/scripts/noConfigScripts
PATH: /classes/setup


## ----------- ##
## Core tests. ##
## ----------- ##

configure:1823: checking build system type
configure:1837: result: x86_64-pc-linux-gnu
configure:1857: checking host system type
configure:1870: result: x86_64-pc-linux-gnu
configure:1890: Host detected: x86_64-pc-linux-gnu
configure:1952: checking for gcc
configure:1968: found /opt/rh/gcc-toolset-13/root/usr/bin/gcc
configure:1979: result: gcc
configure:2208: checking for C compiler version
configure:2217: gcc --version >&5
gcc (GCC) 13.3.1 20240611 (Red Hat 13.3.1-2)
Copyright (C) 2023 Free Software Foundation, Inc.
This is free software; see the source for copying conditions.  There is NO
warranty; not even for MERCHANTABILITY or FITNESS FOR A PARTICULAR PURPOSE.

configure:2228: $? = 0
configure:2217: gcc -v >&5
Using built-in specs.
COLLECT_GCC=gcc
COLLECT_LTO_WRAPPER=/opt/rh/gcc-toolset-13/root/usr/libexec/gcc/x86_64-redhat-linux/13/lto-wrapper
OFFLOAD_TARGET_NAMES=nvptx-none
OFFLOAD_TARGET_DEFAULT=1
Target: x86_64-redhat-linux
Configured with: ../configure --enable-bootstrap --enable-languages=c,c++,fortran,lto --prefix=/opt/rh/gcc-toolset-13/root/usr --mandir=/opt/rh/gcc-toolset-13/root/usr/share/man --infodir=/opt/rh/gcc-toolset-13/root/usr/share/info --with-bugurl=http://bugzilla.redhat.com/bugzilla --enable-shared --enable-threads=posix --enable-checking=release --enable-multilib --with-system-zlib --enable-__cxa_atexit --disable-libunwind-exceptions --enable-gnu-unique-object --enable-linker-build-id --with-gcc-major-version-only --enable-libstdcxx-backtrace --with-libstdcxx-zoneinfo=/usr/share/zoneinfo --with-linker-hash-style=gnu --enable-plugin --enable-initfini-array --with-isl=/builddir/build/BUILD/gcc-13.3.1-20240611/obj-x86_64-redhat-linux/isl-install --enable-offload-targets=nvptx-none --without-cuda-driver --enable-offload-defaulted --enable-gnu-indirect-function --enable-cet --with-tune=generic --with-arch_32=x86-64 --build=x86_64-redhat-linux
Thread model: posix
Supported LTO compression algorithms: zlib zstd
gcc version 13.3.1 20240611 (Red Hat 13.3.1-2) (GCC) 
... rest of stderr output deleted ...
configure:2228: $? = 0
configure:2217: gcc -V >&5
gcc: error: unrecognized command-line option '-V'
gcc: fatal error: no input files
compilation terminated.
configure:2228: $? = 1
configure:2217: gcc -qversion >&5
gcc: error: unrecognized command-line option '-qversion'; did you mean '--version'?
gcc: fatal error: no input files
compilation terminated.
configure:2228: $? = 1
configure:2248: checking whether the C compiler works
configure:2270: gcc    conftest.c  >&5
configure:2274: $? = 0
configure:2322: result: yes
configure:2325: checking for C compiler default output file name
configure:2327: result: a.out
configure:2333: checking for suffix of executables
configure:2340: gcc -o conftest    conftest.c  >&5
configure:2344: $? = 0
configure:2366: result: 
configure:2388: checking whether we are cross compiling
configure:2396: gcc -o conftest    conftest.c  >&5
configure:2400: $? = 0
configure:2407: ./conftest
configure:2411: $? = 0
configure:2426: result: no
configure:2431: checking for suffix of object files
configure:2453: gcc -c   conftest.c >&5
configure:2457: $? = 0
configure:2478: result: o
configure:2482: checking whether we are using the GNU C compiler
configure:2501: gcc -c   conftest.c >&5
configure:2501: $? = 0
configure:2510: result: yes
configure:2519: checking whether gcc accepts -g
configure:2539: gcc -c -g  conftest.c >&5
configure:2539: $? = 0
configure:2580: result: yes
configure:2597: checking for gcc option to accept ISO C89
configure:2660: gcc  -c -g -O2  conftest.c >&5
configure:2660: $? = 0
configure:2673: result: none needed
configure:2750: checking for ar
configure:2766: found /opt/rh/gcc-toolset-13/root/usr/bin/ar
configure:2777: result: ar
configure:2842: checking for ranlib
configure:2858: found /opt/rh/gcc-toolset-13/root/usr/bin/ranlib
configure:2869: result: ranlib
configure:3161: configuring internal subproject ece4750
configure:3436: configuring internal subproject simple
configure:3711: configuring internal subproject ubmark
configure:4035: configuring internal subproject mtbmark
configure:4186: creating ./config.status

## ---------------------- ##
## Running config.status. ##
## ---------------------- ##

This file was extended by ECE4750 Software config.status ?, which was
generated by GNU Autoconf 2.69.  Invocation command line was

  CONFIG_FILES    = 
  CONFIG_HEADERS  = 
  CONFIG_LINKS    = 
  CONFIG_COMMANDS = 
  $ ./config.status 

on ecelinux-02.ece.cornell.edu

config.status:843: creating ece4750.mk
config.status:843: creating simple.mk
config.status:843: creating ubmark.mk
config.status:843: creating mtbmark.mk
config.status:843: creating Makefile
config.status:843: creating ece4750-config.h
config.status:998: ece4750-config.h is unchanged
config.status:843: creating simple-config.h
config.status:998: simple-config.h is unchanged
config.status:843: creating ubmark-config.h
config.status:998: ubmark-config.h is unchanged
config.status:843: creating mtbmark-config.h
config.status:998: mtbmark-config.h is unchanged

## ---------------- ##
## Cache variables. ##
## ---------------- ##

ac_cv_build=x86_64-pc-linux-gnu
ac_cv_c_compiler_gnu=yes
ac_cv_env_CC_set=
ac_cv_env_CC_value=
ac_cv_env_CFLAGS_set=
ac_cv_env_CFLAGS_value=
ac_cv_env_CPPFLAGS_set=
ac_cv_env_CPPFLAGS_value=
ac_cv_env_LDFLAGS_set=
ac_cv_env_LDFLAGS_value=
ac_cv_env_LIBS_set=
ac_cv_env_LIBS_value=
ac_cv_env_build_alias_set=
ac_cv_env_build_alias_value=
ac_cv_env_host_alias_set=
ac_cv_env_host_alias_value=
ac_cv_env_target_alias_set=
ac_cv_env_target_alias_value=
ac_cv_host=x86_64-pc-linux-gnu
ac_cv_objext=o
ac_cv_prog_ac_ct_AR=ar
ac_cv_prog_ac_ct_CC=gcc
ac_cv_prog_ac_ct_RANLIB=ranlib
ac_cv_prog_cc_c89=
ac_cv_prog_cc_g=yes

## ----------------- ##
## Output variables. ##
## ----------------- ##

AR='ar'
CC='gcc'
CFLAGS='-std=c99 -Wall -Wextra -Wvla -Werror -Werror=vla -Wno-error=comment -Wconversion -Wuninitialized -g -O3'
CPPFLAGS=''
DEFS='-DHAVE_CONFIG_H'
ECHO_C=''
ECHO_N='-n'
ECHO_T=''
EXEEXT=''
LDFLAGS=''
LIBOBJS=''
LIBS=''
LTLIBOBJS=''
OBJEXT='o'
PACKAGE_BUGREPORT='Christopher Batten'
PACKAGE_NAME='ECE4750 Software'
PACKAGE_STRING='ECE4750 Software ?'
PACKAGE_TARNAME='ece4750'
PACKAGE_URL=''
PACKAGE_VERSION='?'
PATH_SEPARATOR=':'
RANLIB='ranlib'
SHELL='/bin/sh'
ac_ct_CC='gcc'
bindir='${exec_prefix}/bin'
build='x86_64-pc-linux-gnu'
build_alias=''
build_cpu='x86_64'
build_os='linux-gnu'
build_vendor='pc'
datadir='${datarootdir}'
datarootdir='${prefix}/share'
docdir='${datarootdir}/doc/${PACKAGE_TARNAME}'
dvidir='${docdir}'
ece4750_cppflags='-I../ece4750 '
ece4750_extra_cppflags=''
ece4750_extra_ldflags=''
ece4750_extra_libs=''
ece4750_intdeps=''
ece4750_ldflags=''
ece4750_libs='-lece4750 '
ece4750_pkcdeps=''
exec_prefix='${prefix}'
host='x86_64-pc-linux-gnu'
host_alias=''
host_cpu='x86_64'
host_os='linux-gnu'
host_vendor='pc'
htmldir='${docdir}'
includedir='${prefix}/include'
infodir='${datarootdir}/info'
libdir='${exec_prefix}/lib'
libexecdir='${exec_prefix}/libexec'
localedir='${datarootdir}/locale'
localstatedir='${prefix}/var'
mandir='${datarootdir}/man'
mcppbs_include_external=''
mcppbs_include_external_en=''
mcppbs_include_internal='ece4750 simple ubmark mtbmark '
mcppbs_include_internal_en='ece4750 simple ubmark mtbmark '
mcppbs_install=''
mtbmark_cppflags='-I../mtbmark -I../ubmark -I../ece4750 '
mtbmark_extra_cppflags=''
mtbmark_extra_ldflags=''
mtbmark_extra_libs=''
mtbmark_intdeps='ubmark ece4750 '
mtbmark_ldflags=''
mtbmark_libs='-lmtbmark -lubmark -lece4750 '
mtbmark_pkcdeps='ubmark,ece4750'
oldincludedir='/usr/include'
pdfdir='${docdir}'
prefix='/usr/local'
program_transform_name='s,x,x,'
psdir='${docdir}'
riscv_crosscompile='no'
sbindir='${exec_prefix}/sbin'
sharedstatedir='${prefix}/com'
simple_cppflags='-I../simple -I../ece4750 '
simple_extra_cppflags=''
simple_extra_ldflags=''
simple_extra_libs=''
simple_intdeps='ece4750 '
simple_ldflags=''
simple_libs='-lsimple -lece4750 '
simple_pkcdeps='ece4750'
sysconfdir='${prefix}/etc'
target_alias=''
ubmark_cppflags='-I../ubmark -I../ece4750 '
ubmark_extra_cppflags=''
ubmark_extra_ldflags=''
ubmark_extra_libs=''
ubmark_intdeps='ece4750 '
ubmark_ldflags=''
ubmark_libs='-lubmark -lece4750 '
ubmark_pkcdeps='ece4750'

## ----------- ##
## confdefs.h. ##
## ----------- ##

/* confdefs.h */
#define PACKAGE_NAME "ECE4750 Software"
#define PACKAGE_TARNAME "ece4750"
#define PACKAGE_VERSION "?"
#define PACKAGE_STRING "ECE4750 Software ?"
#define PACKAGE_BUGREPORT "Christopher Batten"
#define PACKAGE_URL ""
#define HAVE_ECE4750 /**/
#define HAVE_SIMPLE /**/
#define HAVE_UBMARK /**/
#define HAVE_MTBMARK /**/

configure: exit 0
